**********************
Windows PowerShell transcript start
Start time: 20201210225600
Username: GREGS-PC\Debbie
RunAs User: GREGS-PC\Debbie
Configuration Name: 
Machine: GREGS-PC (Microsoft Windows NT 10.0.19041.0)
Host Application: C:\Windows\System32\WindowsPowerShell\v1.0\powershell.exe
Process ID: 17652
PSVersion: 5.1.19041.610
PSEdition: Desktop
PSCompatibleVersions: 1.0, 2.0, 3.0, 4.0, 5.0, 5.1.19041.610
BuildVersion: 10.0.19041.610
CLRVersion: 4.0.30319.42000
WSManStackVersion: 3.0
PSRemotingProtocolVersion: 2.3
SerializationVersion: 1.1.0.1
**********************
Transcript started, output file is githubstuff
PS C:\Users\Greg\source\repos\QuantumWiki16> ls


    Directory: C:\Users\Greg\source\repos\QuantumWiki16


Mode                 LastWriteTime         Length Name
----                 -------------         ------ ----
d-----        12/10/2020   8:10 PM                QuantumWiki16
-a----        12/10/2020  10:56 PM              0 githubstuff
-a----         12/4/2020   3:02 PM           1145 QuantumWiki16.sln


PS C:\Users\Greg\source\repos\QuantumWiki16> git
usage: git [--version] [--help] [-C <path>] [-c <name>=<value>]
           [--exec-path[=<path>]] [--html-path] [--man-path] [--info-path]
           [-p | --paginate | -P | --no-pager] [--no-replace-objects] [--bare]
           [--git-dir=<path>] [--work-tree=<path>] [--namespace=<name>]
           <command> [<args>]

These are common Git commands used in various situations:

start a working area (see also: git help tutorial)
   clone             Clone a repository into a new directory
   init              Create an empty Git repository or reinitialize an existing one

work on the current change (see also: git help everyday)
   add               Add file contents to the index
   mv                Move or rename a file, a directory, or a symlink
   restore           Restore working tree files
   rm                Remove files from the working tree and from the index
   sparse-checkout   Initialize and modify the sparse-checkout

examine the history and state (see also: git help revisions)
   bisect            Use binary search to find the commit that introduced a bug
   diff              Show changes between commits, commit and working tree, etc
   grep              Print lines matching a pattern
   log               Show commit logs
   show              Show various types of objects
   status            Show the working tree status

grow, mark and tweak your common history
   branch            List, create, or delete branches
   commit            Record changes to the repository
   merge             Join two or more development histories together
   rebase            Reapply commits on top of another base tip
   reset             Reset current HEAD to the specified state
   switch            Switch branches
   tag               Create, list, delete or verify a tag object signed with GPG

collaborate (see also: git help workflows)
   fetch             Download objects and refs from another repository
   pull              Fetch from and integrate with another repository or a local branch
   push              Update remote refs along with associated objects

'git help -a' and 'git help -g' list available subcommands and some
concept guides. See 'git help <command>' or 'git help <concept>'
to read about a specific subcommand or concept.
See 'git help git' for an overview of the system.
PS C:\Users\Greg\source\repos\QuantumWiki16> git-init -help
git-init : The term 'git-init' is not recognized as the name of a cmdlet, function, script file, or operable program. 
Check the spelling of the name, or if a path was included, verify that the path is correct and try again.
At line:1 char:1
+ git-init -help
+ ~~~~~~~~
    + CategoryInfo          : ObjectNotFound: (git-init:String) [], CommandNotFoundException
    + FullyQualifiedErrorId : CommandNotFoundException
git-init : The term 'git-init' is not recognized as the name of a cmdlet, function, script file, or operable program.
Check the spelling of the name, or if a path was included, verify that the path is correct and try again.
At line:1 char:1
+ git-init -help
+ ~~~~~~~~
    + CategoryInfo          : ObjectNotFound: (git-init:String) [], CommandNotFoundException
    + FullyQualifiedErrorId : CommandNotFoundException

PS C:\Users\Greg\source\repos\QuantumWiki16> git-init
git-init : The term 'git-init' is not recognized as the name of a cmdlet, function, script file, or operable program. 
Check the spelling of the name, or if a path was included, verify that the path is correct and try again.
At line:1 char:1
+ git-init
+ ~~~~~~~~
    + CategoryInfo          : ObjectNotFound: (git-init:String) [], CommandNotFoundException
    + FullyQualifiedErrorId : CommandNotFoundException
git-init : The term 'git-init' is not recognized as the name of a cmdlet, function, script file, or operable program.
Check the spelling of the name, or if a path was included, verify that the path is correct and try again.
At line:1 char:1
+ git-init
+ ~~~~~~~~
    + CategoryInfo          : ObjectNotFound: (git-init:String) [], CommandNotFoundException
    + FullyQualifiedErrorId : CommandNotFoundException

PS C:\Users\Greg\source\repos\QuantumWiki16> git init -help
usage: git init [-q | --quiet] [--bare] [--template=<template-directory>] [--shared[=<permissions>]] [<directory>]

    --template <template-directory>
                          directory from which templates will be used
    --bare                create a bare repository
    --shared[=<permissions>]
                          specify that the git repository is to be shared amongst several users
    -q, --quiet           be quiet
    --separate-git-dir <gitdir>
                          separate git dir from working tree
    -b, --initial-branch <name>
                          override the name of the initial branch
    --object-format <hash>
                          specify the hash algorithm to use
PS C:\Users\Greg\source\repos\QuantumWiki16> git init
Reinitialized existing Git repository in C:/Users/Greg/source/repos/QuantumWiki16/.git/
PS C:\Users\Greg\source\repos\QuantumWiki16> git status
On branch master
Untracked files:
  (use "git add <file>..." to include in what will be committed)
        githubstuff

nothing added to commit but untracked files present (use "git add" to track)
PS C:\Users\Greg\source\repos\QuantumWiki16> git add README.md
fatal: pathspec 'README.md' did not match any files
PS C:\Users\Greg\source\repos\QuantumWiki16> git commit -m "first upload with working login"
On branch master
Untracked files:
  (use "git add <file>..." to include in what will be committed)
        githubstuff

nothing added to commit but untracked files present (use "git add" to track)
PS C:\Users\Greg\source\repos\QuantumWiki16> git remote add origin https://github.com/GregBystroff/MSSA_Project

PS C:\Users\Greg\source\repos\QuantumWiki16> git push -u origin master
To https://github.com/GregBystroff/MSSA_Project
 ! [rejected]        master -> master (fetch first)
error: failed to push some refs to 'https://github.com/GregBystroff/MSSA_Project'
hint: Updates were rejected because the remote contains work that you do
hint: not have locally. This is usually caused by another repository pushing
hint: to the same ref. You may want to first integrate the remote changes
hint: (e.g., 'git pull ...') before pushing again.
hint: See the 'Note about fast-forwards' in 'git push --help' for details.
PS C:\Users\Greg\source\repos\QuantumWiki16> git init
Reinitialized existing Git repository in C:/Users/Greg/source/repos/QuantumWiki16/.git/
PS C:\Users\Greg\source\repos\QuantumWiki16> git remote add origin https://github.com/GregBystroff/QuantumWiki16
fatal: remote origin already exists.
PS C:\Users\Greg\source\repos\QuantumWiki16> git remote update https://github.com/GregBystroff/QuantumWiki16
fatal: No such remote or remote group: https://github.com/GregBystroff/QuantumWiki16
PS C:\Users\Greg\source\repos\QuantumWiki16> git remote -help
usage: git remote [-v | --verbose]
   or: git remote add [-t <branch>] [-m <master>] [-f] [--tags | --no-tags] [--mirror=<fetch|push>] <name> <url>
   or: git remote rename <old> <new>
   or: git remote remove <name>
   or: git remote set-head <name> (-a | --auto | -d | --delete | <branch>)
   or: git remote [-v | --verbose] show [-n] <name>
   or: git remote prune [-n | --dry-run] <name>
   or: git remote [-v | --verbose] update [-p | --prune] [(<group> | <remote>)...]
   or: git remote set-branches [--add] <name> <branch>...
   or: git remote get-url [--push] [--all] <name>
   or: git remote set-url [--push] <name> <newurl> [<oldurl>]
   or: git remote set-url --add <name> <newurl>
   or: git remote set-url --delete <name> <url>

    -v, --verbose         be verbose; must be placed before a subcommand
PS C:\Users\Greg\source\repos\QuantumWiki16> git remote remove origin https://github.com/GregBystroff/MSSA_Project
usage: git remote remove <name>
PS C:\Users\Greg\source\repos\QuantumWiki16> git remote remove https://github.com/GregBystroff/MSSA_Project
fatal: No such remote: 'https://github.com/GregBystroff/MSSA_Project'
PS C:\Users\Greg\source\repos\QuantumWiki16> git remote remove origin

PS C:\Users\Greg\source\repos\QuantumWiki16> git remote origin https://github.com/GregBystroff/QuantumWiki16
error: Unknown subcommand: origin
usage: git remote [-v | --verbose]
   or: git remote add [-t <branch>] [-m <master>] [-f] [--tags | --no-tags] [--mirror=<fetch|push>] <name> <url>
   or: git remote rename <old> <new>
   or: git remote remove <name>
   or: git remote set-head <name> (-a | --auto | -d | --delete | <branch>)
   or: git remote [-v | --verbose] show [-n] <name>
   or: git remote prune [-n | --dry-run] <name>
   or: git remote [-v | --verbose] update [-p | --prune] [(<group> | <remote>)...]
   or: git remote set-branches [--add] <name> <branch>...
   or: git remote get-url [--push] [--all] <name>
   or: git remote set-url [--push] <name> <newurl> [<oldurl>]
   or: git remote set-url --add <name> <newurl>
   or: git remote set-url --delete <name> <url>

    -v, --verbose         be verbose; must be placed before a subcommand
PS C:\Users\Greg\source\repos\QuantumWiki16> git remote add https://github.com/GregBystroff/QuantumWiki16
usage: git remote add [<options>] <name> <url>

    -f, --fetch           fetch the remote branches
    --tags                import all tags and associated objects when fetching
                          or do not fetch any tag at all (--no-tags)
    -t, --track <branch>  branch(es) to track
    -m, --master <branch>
                          master branch
    --mirror[=(push|fetch)]
                          set up remote as a mirror to push to or fetch from
PS C:\Users\Greg\source\repos\QuantumWiki16> git remote add origin https://github.com/GregBystroff/QuantumWiki16

PS C:\Users\Greg\source\repos\QuantumWiki16> ls


    Directory: C:\Users\Greg\source\repos\QuantumWiki16


Mode                 LastWriteTime         Length Name
----                 -------------         ------ ----
d-----        12/10/2020   8:10 PM                QuantumWiki16
-a----        12/10/2020  10:56 PM              0 githubstuff
-a----         12/4/2020   3:02 PM           1145 QuantumWiki16.sln


PS C:\Users\Greg\source\repos\QuantumWiki16> la
la : The term 'la' is not recognized as the name of a cmdlet, function, script file, or operable program. Check the 
spelling of the name, or if a path was included, verify that the path is correct and try again.
At line:1 char:1
+ la
+ ~~
    + CategoryInfo          : ObjectNotFound: (la:String) [], CommandNotFoundException
    + FullyQualifiedErrorId : CommandNotFoundException
la : The term 'la' is not recognized as the name of a cmdlet, function, script file, or operable program. Check the
spelling of the name, or if a path was included, verify that the path is correct and try again.
At line:1 char:1
+ la
+ ~~
    + CategoryInfo          : ObjectNotFound: (la:String) [], CommandNotFoundException
    + FullyQualifiedErrorId : CommandNotFoundException

PS C:\Users\Greg\source\repos\QuantumWiki16> ls -a
>> TerminatingError(Get-ChildItem): "Parameter cannot be processed because the parameter name 'a' is ambiguous. Possible matches include: -Attributes -Directory -File -Hidden -ReadOnly -System."
Get-ChildItem : Parameter cannot be processed because the parameter name 'a' is ambiguous. Possible matches include: 
-Attributes -Directory -File -Hidden -ReadOnly -System.
At line:1 char:4
+ ls -a
+    ~~
    + CategoryInfo          : InvalidArgument: (:) [Get-ChildItem], ParameterBindingException
    + FullyQualifiedErrorId : AmbiguousParameter,Microsoft.PowerShell.Commands.GetChildItemCommand
Get-ChildItem : Parameter cannot be processed because the parameter name 'a' is ambiguous. Possible matches include:
-Attributes -Directory -File -Hidden -ReadOnly -System.
At line:1 char:4
+ ls -a
+    ~~
    + CategoryInfo          : InvalidArgument: (:) [Get-ChildItem], ParameterBindingException
    + FullyQualifiedErrorId : AmbiguousParameter,Microsoft.PowerShell.Commands.GetChildItemCommand

PS C:\Users\Greg\source\repos\QuantumWiki16> dir


    Directory: C:\Users\Greg\source\repos\QuantumWiki16


Mode                 LastWriteTime         Length Name
----                 -------------         ------ ----
d-----        12/10/2020   8:10 PM                QuantumWiki16
-a----        12/10/2020  10:56 PM              0 githubstuff
-a----         12/4/2020   3:02 PM           1145 QuantumWiki16.sln


PS C:\Users\Greg\source\repos\QuantumWiki16> get commit -m "first commit."
get : The term 'get' is not recognized as the name of a cmdlet, function, script file, or operable program. Check the 
spelling of the name, or if a path was included, verify that the path is correct and try again.
At line:1 char:1
+ get commit -m "first commit."
+ ~~~
    + CategoryInfo          : ObjectNotFound: (get:String) [], CommandNotFoundException
    + FullyQualifiedErrorId : CommandNotFoundException
get : The term 'get' is not recognized as the name of a cmdlet, function, script file, or operable program. Check the
spelling of the name, or if a path was included, verify that the path is correct and try again.
At line:1 char:1
+ get commit -m "first commit."
+ ~~~
    + CategoryInfo          : ObjectNotFound: (get:String) [], CommandNotFoundException
    + FullyQualifiedErrorId : CommandNotFoundException

PS C:\Users\Greg\source\repos\QuantumWiki16> git commit -m "first commit."
On branch master
Untracked files:
  (use "git add <file>..." to include in what will be committed)
        githubstuff

nothing added to commit but untracked files present (use "git add" to track)
PS C:\Users\Greg\source\repos\QuantumWiki16> git add
Nothing specified, nothing added.
hint: Maybe you wanted to say 'git add .'?
hint: Turn this message off by running
hint: "git config advice.addEmptyPathspec false"
PS C:\Users\Greg\source\repos\QuantumWiki16> git add .

PS C:\Users\Greg\source\repos\QuantumWiki16> git commit -m "first commit."
[master 63a74aa] first commit.
 1 file changed, 0 insertions(+), 0 deletions(-)
 create mode 100644 githubstuff
PS C:\Users\Greg\source\repos\QuantumWiki16> git remote add origin https://github.com/GregBystroff/QuantumWiki16
fatal: remote origin already exists.
PS C:\Users\Greg\source\repos\QuantumWiki16> git push -u origin master
Enumerating objects: 219, done.
Counting objects: 100% (219/219), done.
Delta compression using up to 4 threads
Compressing objects: 100% (190/190), done.
Writing objects: 100% (219/219), 5.86 MiB | 304.00 KiB/s, done.
Total 219 (delta 36), reused 0 (delta 0), pack-reused 0
remote: Resolving deltas: 100% (36/36), done.
remote:
remote: Create a pull request for 'master' on GitHub by visiting:
remote:      https://github.com/GregBystroff/QuantumWiki16/pull/new/master
remote:
To https://github.com/GregBystroff/QuantumWiki16
 * [new branch]      master -> master
Branch 'master' set up to track remote branch 'master' from 'origin'.
PS C:\Users\Greg\source\repos\QuantumWiki16> ls


    Directory: C:\Users\Greg\source\repos\QuantumWiki16


Mode                 LastWriteTime         Length Name
----                 -------------         ------ ----
d-----        12/10/2020   8:10 PM                QuantumWiki16
-a----        12/10/2020  11:20 PM          15313 githubstuff
-a----         12/4/2020   3:02 PM           1145 QuantumWiki16.sln


PS C:\Users\Greg\source\repos\QuantumWiki16> git push
Everything up-to-date
PS C:\Users\Greg\source\repos\QuantumWiki16> Stop-Transcript
**********************
Windows PowerShell transcript end
End time: 20201210232927
**********************
# Untracked files:
 Changes to be committed: